// Vitest Snapshot v1, https://vitest.dev/guide/snapshot.html

exports[`Song > writes the same chorus for a seed as it did 1`] = `"G major"`;

exports[`Song > writes the same chorus for a seed as it did 2`] = `
[
  "G^9",
  "E7alt",
  "Am9",
  "A7#9",
  "D13",
  "Bm9",
  "Bm7b5",
  "E13b9",
  "Am11",
  "A13",
  "Ab13#11",
]
`;
